[2026-04-14 15:50:57] [INFO] 部署脚本启动，日志文件: deploy-to.log
部署脚本：根据 MANIFEST 清单文件将文件从源目录部署到目标目录

用法: ./deploy-to.sh [选项]

选项:
--from <path>     部署源目录，默认为当前目录
--to <path>       部署目标目录，默认为 /usr/local/costrict
--manifest <file> 部署清单文件，默认为 MANIFEST
--clean           部署前清理目标目录，先删除目标目录下的所有文件和目录
-h, --help        显示帮助信息

MANIFEST 指令:
@@ <path>         设置目标相对路径（后续文件部署到此路径下）
@clean            清空当前目标相对路径下的所有内容

示例:
    ./deploy-to.sh                                            # 使用默认设置部署
    ./deploy-to.sh --from /tmp/source                         # 指定源目录部署
    ./deploy-to.sh --to /opt                                  # 部署到 /opt/costrict
    ./deploy-to.sh --manifest custom.MANIFEST                 # 使用自定义清单文件
    ./deploy-to.sh --from /tmp/source --to /opt/costrict --manifest custom.MANIFEST  # 完整示例
    ./deploy-to.sh --to /opt/costrict --clean                 # 清理后再部署

MANIFEST 文件示例：
    # 设置目标相对路径为 config
    @@ config
    # 清空 config 目录下的所有内容
    @clean
    # 部署文件到 config 目录
    config.yaml
    app.conf

[2026-04-14 15:51:06] [INFO] 部署脚本启动，日志文件: deploy-to.log
[2026-04-14 15:51:06] [INFO] 部署源: /mnt/d/shenma/deploy/builder/configures/common/firmware
[2026-04-14 15:51:06] [INFO] 部署目标: /usr/local/costrict
[2026-04-14 15:51:06] [INFO] 部署清单: /mnt/d/shenma/deploy/builder/configures/common/firmware/MANIFEST
[2026-04-14 15:51:06] [INFO] 找到部署清单文件: /mnt/d/shenma/deploy/builder/configures/common/firmware/MANIFEST
[2026-04-14 15:51:06] [INFO] 开始部署文件
[2026-04-14 15:51:06] [INFO] 设置目标相对路径为空（target_base 本身）
[2026-04-14 15:51:06] [INFO] 复制: configure.sh -> /usr/local/costrict/configure.sh
[2026-04-14 15:51:06] [INFO] 复制: utils.sh -> /usr/local/costrict/utils.sh
[2026-04-14 15:51:06] [INFO] 复制: check.sh -> /usr/local/costrict/check.sh
[2026-04-14 15:51:06] [INFO] 复制: deploy-to.sh -> /usr/local/costrict/deploy-to.sh
[2026-04-14 15:51:06] [INFO] 复制: init.sh -> /usr/local/costrict/init.sh
[2026-04-14 15:51:07] [INFO] 复制: cleanup.sh -> /usr/local/costrict/cleanup.sh
[2026-04-14 15:51:07] [INFO] 复制: run.sh -> /usr/local/costrict/run.sh
[2026-04-14 15:51:07] [INFO] 复制: backup.sh -> /usr/local/costrict/backup.sh
[2026-04-14 15:51:07] [INFO] 复制: restore.sh -> /usr/local/costrict/restore.sh
[2026-04-14 15:51:07] [INFO] 复制: costrict-admin.env.sample -> /usr/local/costrict/costrict-admin.env.sample
[2026-04-14 15:51:07] [INFO] 复制: costrict.env.in -> /usr/local/costrict/costrict.env.in
[2026-04-14 15:51:07] [INFO] 复制: MANIFEST -> /usr/local/costrict/MANIFEST
[2026-04-14 15:51:07] [INFO] 复制: api6-remove.sh -> /usr/local/costrict/api6-remove.sh
[2026-04-14 15:51:07] [INFO] 复制: api6-restore.sh -> /usr/local/costrict/api6-restore.sh
[2026-04-14 15:51:08] [INFO] 复制: api6-save.sh -> /usr/local/costrict/api6-save.sh
[2026-04-14 15:51:08] [INFO] 复制: apisix-casdoor.sh -> /usr/local/costrict/apisix-casdoor.sh
[2026-04-14 15:51:08] [INFO] 复制: apisix-chatrag.sh -> /usr/local/costrict/apisix-chatrag.sh
[2026-04-14 15:51:08] [INFO] 复制: apisix-codebase-indexer.sh -> /usr/local/costrict/apisix-codebase-indexer.sh
[2026-04-14 15:51:08] [INFO] 复制: apisix-codereview.sh -> /usr/local/costrict/apisix-codereview.sh
[2026-04-14 15:51:08] [INFO] 复制: apisix-completion-v2.sh -> /usr/local/costrict/apisix-completion-v2.sh
[2026-04-14 15:51:08] [INFO] 复制: apisix-costrict-admin.sh -> /usr/local/costrict/apisix-costrict-admin.sh
[2026-04-14 15:51:08] [INFO] 复制: apisix-costrict-apps.sh -> /usr/local/costrict/apisix-costrict-apps.sh
[2026-04-14 15:51:08] [INFO] 复制: apisix-cotun.sh -> /usr/local/costrict/apisix-cotun.sh
[2026-04-14 15:51:08] [INFO] 复制: apisix-credit-manager.sh -> /usr/local/costrict/apisix-credit-manager.sh
[2026-04-14 15:51:08] [INFO] 复制: apisix-embedder.sh -> /usr/local/costrict/apisix-embedder.sh
[2026-04-14 15:51:09] [INFO] 复制: apisix-grafana.sh -> /usr/local/costrict/apisix-grafana.sh
[2026-04-14 15:51:09] [INFO] 复制: apisix-issue.sh -> /usr/local/costrict/apisix-issue.sh
[2026-04-14 15:51:09] [INFO] 复制: apisix-oidc-auth.sh -> /usr/local/costrict/apisix-oidc-auth.sh
[2026-04-14 15:51:09] [INFO] 复制: init.d -> /usr/local/costrict/init.d
[2026-04-14 15:51:09] [INFO] 复制: scripts -> /usr/local/costrict/scripts
[2026-04-14 15:51:09] [INFO] 文件部署完成
[2026-04-14 15:51:09] [INFO] 成功: 30 个文件/目录
[2026-04-14 15:51:09] [INFO] 部署完成！
[2026-04-14 15:51:09] [INFO] 部署位置: /usr/local/costrict
[2026-04-14 15:51:09] [INFO] 后续步骤：
[2026-04-14 15:51:09] [INFO]   1. 完成数据初始化: cd /usr/local/costrict && bash init.sh
[2026-04-14 15:51:09] [INFO]   2. 启动服务: cd /usr/local/costrict && bash run.sh
[2026-04-14 15:53:29] [INFO] 部署脚本启动，日志文件: deploy-to.log
[2026-04-14 15:53:29] [INFO] 部署源: /mnt/d/shenma/deploy/builder/configures/common/firmware
[2026-04-14 15:53:29] [INFO] 部署目标: /usr/local/costrict
[2026-04-14 15:53:29] [INFO] 部署清单: /mnt/d/shenma/deploy/builder/configures/common/firmware/MANIFEST
[2026-04-14 15:53:29] [INFO] 找到部署清单文件: /mnt/d/shenma/deploy/builder/configures/common/firmware/MANIFEST
[2026-04-14 15:53:29] [INFO] 开始部署文件
[2026-04-14 15:53:29] [INFO] 设置目标相对路径为空（target_base 本身）
[2026-04-14 15:53:29] [INFO] 复制: configure.sh -> /usr/local/costrict/configure.sh
[2026-04-14 15:53:29] [INFO] 复制: utils.sh -> /usr/local/costrict/utils.sh
[2026-04-14 15:53:29] [INFO] 复制: check.sh -> /usr/local/costrict/check.sh
[2026-04-14 15:53:29] [INFO] 复制: deploy-to.sh -> /usr/local/costrict/deploy-to.sh
[2026-04-14 15:53:29] [INFO] 复制: init.sh -> /usr/local/costrict/init.sh
[2026-04-14 15:53:30] [INFO] 复制: cleanup.sh -> /usr/local/costrict/cleanup.sh
[2026-04-14 15:53:30] [INFO] 复制: run.sh -> /usr/local/costrict/run.sh
[2026-04-14 15:53:30] [INFO] 复制: backup.sh -> /usr/local/costrict/backup.sh
[2026-04-14 15:53:30] [INFO] 复制: restore.sh -> /usr/local/costrict/restore.sh
[2026-04-14 15:53:30] [INFO] 复制: costrict-admin.env.sample -> /usr/local/costrict/costrict-admin.env.sample
[2026-04-14 15:53:30] [INFO] 复制: costrict.env.in -> /usr/local/costrict/costrict.env.in
[2026-04-14 15:53:30] [INFO] 复制: MANIFEST -> /usr/local/costrict/MANIFEST
[2026-04-14 15:53:30] [INFO] 复制: api6-remove.sh -> /usr/local/costrict/api6-remove.sh
[2026-04-14 15:53:31] [INFO] 复制: api6-restore.sh -> /usr/local/costrict/api6-restore.sh
[2026-04-14 15:53:31] [INFO] 复制: api6-save.sh -> /usr/local/costrict/api6-save.sh
[2026-04-14 15:53:31] [INFO] 复制: apisix-casdoor.sh -> /usr/local/costrict/apisix-casdoor.sh
[2026-04-14 15:53:31] [INFO] 复制: apisix-chatrag.sh -> /usr/local/costrict/apisix-chatrag.sh
[2026-04-14 15:53:31] [INFO] 复制: apisix-codebase-indexer.sh -> /usr/local/costrict/apisix-codebase-indexer.sh
[2026-04-14 15:53:31] [INFO] 复制: apisix-codereview.sh -> /usr/local/costrict/apisix-codereview.sh
[2026-04-14 15:53:31] [INFO] 复制: apisix-completion-v2.sh -> /usr/local/costrict/apisix-completion-v2.sh
[2026-04-14 15:53:31] [INFO] 复制: apisix-costrict-admin.sh -> /usr/local/costrict/apisix-costrict-admin.sh
[2026-04-14 15:53:31] [INFO] 复制: apisix-costrict-apps.sh -> /usr/local/costrict/apisix-costrict-apps.sh
[2026-04-14 15:53:32] [INFO] 复制: apisix-cotun.sh -> /usr/local/costrict/apisix-cotun.sh
[2026-04-14 15:53:32] [INFO] 复制: apisix-credit-manager.sh -> /usr/local/costrict/apisix-credit-manager.sh
[2026-04-14 15:53:32] [INFO] 复制: apisix-embedder.sh -> /usr/local/costrict/apisix-embedder.sh
[2026-04-14 15:53:32] [INFO] 复制: apisix-grafana.sh -> /usr/local/costrict/apisix-grafana.sh
[2026-04-14 15:53:32] [INFO] 复制: apisix-issue.sh -> /usr/local/costrict/apisix-issue.sh
[2026-04-14 15:53:32] [INFO] 复制: apisix-oidc-auth.sh -> /usr/local/costrict/apisix-oidc-auth.sh
[2026-04-14 15:53:32] [INFO] 复制: init.d -> /usr/local/costrict/init.d
[2026-04-14 15:53:32] [INFO] 复制: scripts -> /usr/local/costrict/scripts
[2026-04-14 15:53:33] [INFO] 文件部署完成
[2026-04-14 15:53:33] [INFO] 成功: 30 个文件/目录
[2026-04-14 15:53:33] [INFO] 部署完成！
[2026-04-14 15:53:33] [INFO] 部署位置: /usr/local/costrict
[2026-04-14 15:53:33] [INFO] 后续步骤：
[2026-04-14 15:53:33] [INFO]   1. 完成数据初始化: cd /usr/local/costrict && bash init.sh
[2026-04-14 15:53:33] [INFO]   2. 启动服务: cd /usr/local/costrict && bash run.sh
[2026-04-14 15:56:35] [INFO] 部署脚本启动，日志文件: deploy-to.log
[2026-04-14 15:56:35] [INFO] 部署源: /mnt/d/shenma/deploy/builder/configures/common/firmware
[2026-04-14 15:56:35] [INFO] 部署目标: /usr/local/costrict
[2026-04-14 15:56:35] [INFO] 部署清单: /mnt/d/shenma/deploy/builder/configures/common/firmware/MANIFEST
[2026-04-14 15:56:35] [INFO] 找到部署清单文件: /mnt/d/shenma/deploy/builder/configures/common/firmware/MANIFEST
[2026-04-14 15:56:35] [INFO] 开始部署文件
[2026-04-14 15:56:35] [INFO] 设置目标相对路径为空（target_base 本身）
[2026-04-14 15:56:35] [INFO] 复制: configure.sh -> /usr/local/costrict/configure.sh
[2026-04-14 15:56:35] [INFO] 复制: utils.sh -> /usr/local/costrict/utils.sh
[2026-04-14 15:56:35] [INFO] 复制: check.sh -> /usr/local/costrict/check.sh
[2026-04-14 15:56:36] [INFO] 复制: deploy-to.sh -> /usr/local/costrict/deploy-to.sh
[2026-04-14 15:56:36] [INFO] 复制: init.sh -> /usr/local/costrict/init.sh
[2026-04-14 15:56:36] [INFO] 复制: cleanup.sh -> /usr/local/costrict/cleanup.sh
[2026-04-14 15:56:36] [INFO] 复制: run.sh -> /usr/local/costrict/run.sh
[2026-04-14 15:56:36] [INFO] 复制: backup.sh -> /usr/local/costrict/backup.sh
[2026-04-14 15:56:36] [INFO] 复制: restore.sh -> /usr/local/costrict/restore.sh
[2026-04-14 15:56:36] [INFO] 复制: costrict-admin.env.sample -> /usr/local/costrict/costrict-admin.env.sample
[2026-04-14 15:56:36] [INFO] 复制: costrict.env.in -> /usr/local/costrict/costrict.env.in
[2026-04-14 15:56:36] [INFO] 复制: MANIFEST -> /usr/local/costrict/MANIFEST
[2026-04-14 15:56:36] [INFO] 复制: api6-remove.sh -> /usr/local/costrict/api6-remove.sh
[2026-04-14 15:56:37] [INFO] 复制: api6-restore.sh -> /usr/local/costrict/api6-restore.sh
[2026-04-14 15:56:37] [INFO] 复制: api6-save.sh -> /usr/local/costrict/api6-save.sh
[2026-04-14 15:56:37] [INFO] 复制: apisix-casdoor.sh -> /usr/local/costrict/apisix-casdoor.sh
[2026-04-14 15:56:37] [INFO] 复制: apisix-chatrag.sh -> /usr/local/costrict/apisix-chatrag.sh
[2026-04-14 15:56:37] [INFO] 复制: apisix-codebase-indexer.sh -> /usr/local/costrict/apisix-codebase-indexer.sh
[2026-04-14 15:56:37] [INFO] 复制: apisix-codereview.sh -> /usr/local/costrict/apisix-codereview.sh
[2026-04-14 15:56:37] [INFO] 复制: apisix-completion-v2.sh -> /usr/local/costrict/apisix-completion-v2.sh
[2026-04-14 15:56:37] [INFO] 复制: apisix-costrict-admin.sh -> /usr/local/costrict/apisix-costrict-admin.sh
[2026-04-14 15:56:38] [INFO] 复制: apisix-costrict-apps.sh -> /usr/local/costrict/apisix-costrict-apps.sh
[2026-04-14 15:56:38] [INFO] 复制: apisix-cotun.sh -> /usr/local/costrict/apisix-cotun.sh
[2026-04-14 15:56:38] [INFO] 复制: apisix-credit-manager.sh -> /usr/local/costrict/apisix-credit-manager.sh
[2026-04-14 15:56:38] [INFO] 复制: apisix-embedder.sh -> /usr/local/costrict/apisix-embedder.sh
[2026-04-14 15:56:38] [INFO] 复制: apisix-grafana.sh -> /usr/local/costrict/apisix-grafana.sh
[2026-04-14 15:56:38] [INFO] 复制: apisix-issue.sh -> /usr/local/costrict/apisix-issue.sh
[2026-04-14 15:56:38] [INFO] 复制: apisix-oidc-auth.sh -> /usr/local/costrict/apisix-oidc-auth.sh
[2026-04-14 15:56:38] [INFO] 复制: init.d -> /usr/local/costrict/init.d
[2026-04-14 15:56:38] [INFO] 复制: scripts -> /usr/local/costrict/scripts
[2026-04-14 15:56:39] [INFO] 文件部署完成，成功复制 30 个文件/目录
[2026-04-14 15:56:39] [INFO] 部署完成！已部署到: /usr/local/costrict
[2026-04-14 15:56:39] [INFO] 后续步骤：
[2026-04-14 15:56:39] [INFO]   1. 完成数据初始化: cd /usr/local/costrict && bash init.sh
[2026-04-14 15:56:39] [INFO]   2. 启动服务: cd /usr/local/costrict && bash run.sh
[2026-04-14 15:58:10] [INFO] 部署脚本启动，日志文件: deploy-to.log
[2026-04-14 15:58:10] [INFO] 部署源: /mnt/d/shenma/deploy/builder/configures/common/firmware
[2026-04-14 15:58:10] [INFO] 部署目标: /usr/local/costrict
[2026-04-14 15:58:10] [INFO] 部署清单: /mnt/d/shenma/deploy/builder/configures/common/firmware/MANIFEST
[2026-04-14 15:58:10] [INFO] 找到部署清单文件: /mnt/d/shenma/deploy/builder/configures/common/firmware/MANIFEST
[2026-04-14 15:58:10] [INFO] 开始安装文件
[2026-04-14 15:58:10] [INFO] 设置目标相对路径为空（target_base 本身）
[2026-04-14 15:58:10] [INFO] 复制: configure.sh -> /usr/local/costrict/configure.sh
[2026-04-14 15:58:10] [INFO] 复制: utils.sh -> /usr/local/costrict/utils.sh
[2026-04-14 15:58:10] [INFO] 复制: check.sh -> /usr/local/costrict/check.sh
[2026-04-14 15:58:10] [INFO] 复制: deploy-to.sh -> /usr/local/costrict/deploy-to.sh
[2026-04-14 15:58:10] [INFO] 复制: init.sh -> /usr/local/costrict/init.sh
[2026-04-14 15:58:11] [INFO] 复制: cleanup.sh -> /usr/local/costrict/cleanup.sh
[2026-04-14 15:58:11] [INFO] 复制: run.sh -> /usr/local/costrict/run.sh
[2026-04-14 15:58:11] [INFO] 复制: backup.sh -> /usr/local/costrict/backup.sh
[2026-04-14 15:58:11] [INFO] 复制: restore.sh -> /usr/local/costrict/restore.sh
[2026-04-14 15:58:11] [INFO] 复制: costrict-admin.env.sample -> /usr/local/costrict/costrict-admin.env.sample
[2026-04-14 15:58:11] [INFO] 复制: costrict.env.in -> /usr/local/costrict/costrict.env.in
[2026-04-14 15:58:11] [INFO] 复制: MANIFEST -> /usr/local/costrict/MANIFEST
[2026-04-14 15:58:11] [INFO] 复制: api6-remove.sh -> /usr/local/costrict/api6-remove.sh
[2026-04-14 15:58:12] [INFO] 复制: api6-restore.sh -> /usr/local/costrict/api6-restore.sh
[2026-04-14 15:58:12] [INFO] 复制: api6-save.sh -> /usr/local/costrict/api6-save.sh
[2026-04-14 15:58:12] [INFO] 复制: apisix-casdoor.sh -> /usr/local/costrict/apisix-casdoor.sh
[2026-04-14 15:58:12] [INFO] 复制: apisix-chatrag.sh -> /usr/local/costrict/apisix-chatrag.sh
[2026-04-14 15:58:12] [INFO] 复制: apisix-codebase-indexer.sh -> /usr/local/costrict/apisix-codebase-indexer.sh
[2026-04-14 15:58:12] [INFO] 复制: apisix-codereview.sh -> /usr/local/costrict/apisix-codereview.sh
[2026-04-14 15:58:12] [INFO] 复制: apisix-completion-v2.sh -> /usr/local/costrict/apisix-completion-v2.sh
[2026-04-14 15:58:12] [INFO] 复制: apisix-costrict-admin.sh -> /usr/local/costrict/apisix-costrict-admin.sh
[2026-04-14 15:58:12] [INFO] 复制: apisix-costrict-apps.sh -> /usr/local/costrict/apisix-costrict-apps.sh
[2026-04-14 15:58:13] [INFO] 复制: apisix-cotun.sh -> /usr/local/costrict/apisix-cotun.sh
[2026-04-14 15:58:13] [INFO] 复制: apisix-credit-manager.sh -> /usr/local/costrict/apisix-credit-manager.sh
[2026-04-14 15:58:13] [INFO] 复制: apisix-embedder.sh -> /usr/local/costrict/apisix-embedder.sh
[2026-04-14 15:58:13] [INFO] 复制: apisix-grafana.sh -> /usr/local/costrict/apisix-grafana.sh
[2026-04-14 15:58:13] [INFO] 复制: apisix-issue.sh -> /usr/local/costrict/apisix-issue.sh
[2026-04-14 15:58:13] [INFO] 复制: apisix-oidc-auth.sh -> /usr/local/costrict/apisix-oidc-auth.sh
[2026-04-14 15:58:13] [INFO] 复制: init.d -> /usr/local/costrict/init.d
[2026-04-14 15:58:13] [INFO] 复制: scripts -> /usr/local/costrict/scripts
[2026-04-14 15:58:14] [INFO] 文件安装完成，成功复制 30 个文件/目录
[2026-04-14 15:58:14] [INFO] 部署完成！已部署到: /usr/local/costrict
[2026-04-14 15:58:14] [INFO] 后续步骤：
[2026-04-14 15:58:14] [INFO]   1. 完成数据初始化: cd /usr/local/costrict && bash init.sh
[2026-04-14 15:58:14] [INFO]   2. 启动服务: cd /usr/local/costrict && bash run.sh
[2026-04-14 16:08:38] [INFO] 部署脚本启动，日志文件: deploy-to.log
[2026-04-14 16:08:38] [INFO] 部署源: /mnt/d/shenma/deploy/builder/configures/common/firmware
[2026-04-14 16:08:38] [INFO] 部署目标: /usr/local/costrict
[2026-04-14 16:08:38] [INFO] 部署清单: /mnt/d/shenma/deploy/builder/configures/common/firmware/MANIFEST
[2026-04-14 16:08:38] [INFO] 找到部署清单文件: /mnt/d/shenma/deploy/builder/configures/common/firmware/MANIFEST
[2026-04-14 16:08:38] [INFO] 开始安装文件
[2026-04-14 16:08:38] [INFO] 设置目标相对路径为空（target_base 本身）
[2026-04-14 16:08:38] [INFO] 复制: configure.sh -> /usr/local/costrict/configure.sh
[2026-04-14 16:08:38] [INFO] 复制: utils.sh -> /usr/local/costrict/utils.sh
[2026-04-14 16:08:38] [INFO] 复制: check.sh -> /usr/local/costrict/check.sh
[2026-04-14 16:08:39] [INFO] 复制: deploy-to.sh -> /usr/local/costrict/deploy-to.sh
[2026-04-14 16:08:39] [INFO] 复制: init.sh -> /usr/local/costrict/init.sh
[2026-04-14 16:08:39] [INFO] 复制: cleanup.sh -> /usr/local/costrict/cleanup.sh
[2026-04-14 16:08:39] [INFO] 复制: run.sh -> /usr/local/costrict/run.sh
[2026-04-14 16:08:39] [INFO] 复制: backup.sh -> /usr/local/costrict/backup.sh
[2026-04-14 16:08:39] [INFO] 复制: restore.sh -> /usr/local/costrict/restore.sh
[2026-04-14 16:08:39] [INFO] 复制: costrict-admin.env.sample -> /usr/local/costrict/costrict-admin.env.sample
[2026-04-14 16:08:39] [INFO] 复制: costrict.env.in -> /usr/local/costrict/costrict.env.in
[2026-04-14 16:08:39] [INFO] 复制: MANIFEST -> /usr/local/costrict/MANIFEST
[2026-04-14 16:08:40] [INFO] 复制: api6-remove.sh -> /usr/local/costrict/api6-remove.sh
[2026-04-14 16:08:40] [INFO] 复制: api6-restore.sh -> /usr/local/costrict/api6-restore.sh
[2026-04-14 16:08:40] [INFO] 复制: api6-save.sh -> /usr/local/costrict/api6-save.sh
[2026-04-14 16:08:40] [INFO] 复制: apisix-casdoor.sh -> /usr/local/costrict/apisix-casdoor.sh
[2026-04-14 16:08:40] [INFO] 复制: apisix-chatrag.sh -> /usr/local/costrict/apisix-chatrag.sh
[2026-04-14 16:08:40] [INFO] 复制: apisix-codebase-indexer.sh -> /usr/local/costrict/apisix-codebase-indexer.sh
[2026-04-14 16:08:40] [INFO] 复制: apisix-codereview.sh -> /usr/local/costrict/apisix-codereview.sh
[2026-04-14 16:08:40] [INFO] 复制: apisix-completion-v2.sh -> /usr/local/costrict/apisix-completion-v2.sh
[2026-04-14 16:08:40] [INFO] 复制: apisix-costrict-admin.sh -> /usr/local/costrict/apisix-costrict-admin.sh
[2026-04-14 16:08:41] [INFO] 复制: apisix-costrict-apps.sh -> /usr/local/costrict/apisix-costrict-apps.sh
[2026-04-14 16:08:41] [INFO] 复制: apisix-cotun.sh -> /usr/local/costrict/apisix-cotun.sh
[2026-04-14 16:08:41] [INFO] 复制: apisix-credit-manager.sh -> /usr/local/costrict/apisix-credit-manager.sh
[2026-04-14 16:08:41] [INFO] 复制: apisix-embedder.sh -> /usr/local/costrict/apisix-embedder.sh
[2026-04-14 16:08:41] [INFO] 复制: apisix-grafana.sh -> /usr/local/costrict/apisix-grafana.sh
[2026-04-14 16:08:41] [INFO] 复制: apisix-issue.sh -> /usr/local/costrict/apisix-issue.sh
[2026-04-14 16:08:41] [INFO] 复制: apisix-oidc-auth.sh -> /usr/local/costrict/apisix-oidc-auth.sh
[2026-04-14 16:08:41] [INFO] 复制: init.d -> /usr/local/costrict/init.d
[2026-04-14 16:08:41] [INFO] 复制: scripts -> /usr/local/costrict/scripts
[2026-04-14 16:08:42] [INFO] 文件安装完成，成功复制 30 个文件/目录
[2026-04-14 16:08:42] [INFO] 部署完成！已部署到: /usr/local/costrict
[2026-04-14 16:08:42] [INFO] 后续步骤：
[2026-04-14 16:08:42] [INFO]   1. 完成数据初始化: cd /usr/local/costrict && bash init.sh
[2026-04-14 16:08:42] [INFO]   2. 启动服务: cd /usr/local/costrict && bash run.sh
[2026-04-14 16:15:20] [INFO] 部署脚本启动，日志文件: deploy-to.log
[2026-04-14 16:15:20] [INFO] 部署源: /mnt/d/shenma/deploy/builder/configures/common/firmware
[2026-04-14 16:15:20] [INFO] 部署目标: /usr/local/costrict
[2026-04-14 16:15:20] [INFO] 部署清单: /mnt/d/shenma/deploy/builder/configures/common/firmware/MANIFEST
[2026-04-14 16:15:20] [INFO] 找到部署清单文件: /mnt/d/shenma/deploy/builder/configures/common/firmware/MANIFEST
[2026-04-14 16:15:20] [INFO] 开始安装文件
[2026-04-14 16:15:20] [INFO] 设置目标相对路径为空（target_base 本身）
[2026-04-14 16:15:20] [INFO] 复制: configure.sh -> /usr/local/costrict/configure.sh
[2026-04-14 16:15:20] [INFO] 复制: utils.sh -> /usr/local/costrict/utils.sh
[2026-04-14 16:15:20] [INFO] 复制: check.sh -> /usr/local/costrict/check.sh
[2026-04-14 16:15:20] [INFO] 复制: deploy-to.sh -> /usr/local/costrict/deploy-to.sh
[2026-04-14 16:15:20] [INFO] 复制: init.sh -> /usr/local/costrict/init.sh
[2026-04-14 16:15:20] [INFO] 复制: cleanup.sh -> /usr/local/costrict/cleanup.sh
[2026-04-14 16:15:21] [INFO] 复制: run.sh -> /usr/local/costrict/run.sh
[2026-04-14 16:15:21] [INFO] 复制: backup.sh -> /usr/local/costrict/backup.sh
[2026-04-14 16:15:21] [INFO] 复制: restore.sh -> /usr/local/costrict/restore.sh
[2026-04-14 16:15:21] [INFO] 复制: costrict-admin.env.sample -> /usr/local/costrict/costrict-admin.env.sample
[2026-04-14 16:15:21] [INFO] 复制: costrict.env.in -> /usr/local/costrict/costrict.env.in
[2026-04-14 16:15:21] [INFO] 复制: MANIFEST -> /usr/local/costrict/MANIFEST
[2026-04-14 16:15:21] [INFO] 复制: api6-remove.sh -> /usr/local/costrict/api6-remove.sh
[2026-04-14 16:15:21] [INFO] 复制: api6-restore.sh -> /usr/local/costrict/api6-restore.sh
[2026-04-14 16:15:22] [INFO] 复制: api6-save.sh -> /usr/local/costrict/api6-save.sh
[2026-04-14 16:15:22] [INFO] 复制: apisix-casdoor.sh -> /usr/local/costrict/apisix-casdoor.sh
[2026-04-14 16:15:22] [INFO] 复制: apisix-chatrag.sh -> /usr/local/costrict/apisix-chatrag.sh
[2026-04-14 16:15:22] [INFO] 复制: apisix-codebase-indexer.sh -> /usr/local/costrict/apisix-codebase-indexer.sh
[2026-04-14 16:15:22] [INFO] 复制: apisix-codereview.sh -> /usr/local/costrict/apisix-codereview.sh
[2026-04-14 16:15:22] [INFO] 复制: apisix-completion-v2.sh -> /usr/local/costrict/apisix-completion-v2.sh
[2026-04-14 16:15:22] [INFO] 复制: apisix-costrict-admin.sh -> /usr/local/costrict/apisix-costrict-admin.sh
[2026-04-14 16:15:22] [INFO] 复制: apisix-costrict-apps.sh -> /usr/local/costrict/apisix-costrict-apps.sh
[2026-04-14 16:15:22] [INFO] 复制: apisix-cotun.sh -> /usr/local/costrict/apisix-cotun.sh
[2026-04-14 16:15:23] [INFO] 复制: apisix-credit-manager.sh -> /usr/local/costrict/apisix-credit-manager.sh
[2026-04-14 16:15:23] [INFO] 复制: apisix-embedder.sh -> /usr/local/costrict/apisix-embedder.sh
[2026-04-14 16:15:23] [INFO] 复制: apisix-grafana.sh -> /usr/local/costrict/apisix-grafana.sh
[2026-04-14 16:15:23] [INFO] 复制: apisix-issue.sh -> /usr/local/costrict/apisix-issue.sh
[2026-04-14 16:15:23] [INFO] 复制: apisix-oidc-auth.sh -> /usr/local/costrict/apisix-oidc-auth.sh
[2026-04-14 16:15:23] [INFO] 复制: init.d -> /usr/local/costrict/init.d
[2026-04-14 16:15:23] [INFO] 复制: scripts -> /usr/local/costrict/scripts
[2026-04-14 16:15:23] [INFO] 文件安装完成，成功复制 30 个文件/目录
[2026-04-14 16:15:23] [INFO] 部署完成！已部署到: /usr/local/costrict
[2026-04-14 16:15:23] [INFO] 后续步骤：
[2026-04-14 16:15:23] [INFO]   1. 完成数据初始化: cd /usr/local/costrict && bash init.sh
[2026-04-14 16:15:23] [INFO]   2. 启动服务: cd /usr/local/costrict && bash run.sh
[2026-04-14 16:19:45] [INFO] 部署脚本启动，日志文件: deploy-to.log
[2026-04-14 16:19:45] [INFO] 部署源: /mnt/d/shenma/deploy/builder/configures/common/firmware
[2026-04-14 16:19:45] [INFO] 部署目标: /usr/local/costrict
[2026-04-14 16:19:45] [INFO] 部署清单: /mnt/d/shenma/deploy/builder/configures/common/firmware/MANIFEST
[2026-04-14 16:19:45] [INFO] 找到部署清单文件: /mnt/d/shenma/deploy/builder/configures/common/firmware/MANIFEST
[2026-04-14 16:19:45] [INFO] 开始安装文件
[2026-04-14 16:19:45] [INFO] 设置目标相对路径为空（target_base 本身）
[2026-04-14 16:19:45] [INFO] 复制: configure.sh -> /usr/local/costrict/configure.sh
[2026-04-14 16:19:45] [INFO] 复制: utils.sh -> /usr/local/costrict/utils.sh
[2026-04-14 16:19:45] [INFO] 复制: check.sh -> /usr/local/costrict/check.sh
[2026-04-14 16:19:46] [INFO] 复制: deploy-to.sh -> /usr/local/costrict/deploy-to.sh
[2026-04-14 16:19:46] [INFO] 复制: init.sh -> /usr/local/costrict/init.sh
[2026-04-14 16:19:46] [INFO] 复制: cleanup.sh -> /usr/local/costrict/cleanup.sh
[2026-04-14 16:19:46] [INFO] 复制: run.sh -> /usr/local/costrict/run.sh
[2026-04-14 16:19:46] [INFO] 复制: backup.sh -> /usr/local/costrict/backup.sh
[2026-04-14 16:19:46] [INFO] 复制: restore.sh -> /usr/local/costrict/restore.sh
[2026-04-14 16:19:46] [INFO] 复制: costrict-admin.env.sample -> /usr/local/costrict/costrict-admin.env.sample
[2026-04-14 16:19:46] [INFO] 复制: costrict.env.in -> /usr/local/costrict/costrict.env.in
[2026-04-14 16:19:47] [INFO] 复制: MANIFEST -> /usr/local/costrict/MANIFEST
[2026-04-14 16:19:47] [INFO] 复制: api6-remove.sh -> /usr/local/costrict/api6-remove.sh
[2026-04-14 16:19:47] [INFO] 复制: api6-restore.sh -> /usr/local/costrict/api6-restore.sh
[2026-04-14 16:19:47] [INFO] 复制: api6-save.sh -> /usr/local/costrict/api6-save.sh
[2026-04-14 16:19:47] [INFO] 复制: apisix-casdoor.sh -> /usr/local/costrict/apisix-casdoor.sh
[2026-04-14 16:19:47] [INFO] 复制: apisix-chatrag.sh -> /usr/local/costrict/apisix-chatrag.sh
[2026-04-14 16:19:47] [INFO] 复制: apisix-codebase-indexer.sh -> /usr/local/costrict/apisix-codebase-indexer.sh
[2026-04-14 16:19:47] [INFO] 复制: apisix-codereview.sh -> /usr/local/costrict/apisix-codereview.sh
[2026-04-14 16:19:48] [INFO] 复制: apisix-completion-v2.sh -> /usr/local/costrict/apisix-completion-v2.sh
[2026-04-14 16:19:48] [INFO] 复制: apisix-costrict-admin.sh -> /usr/local/costrict/apisix-costrict-admin.sh
[2026-04-14 16:19:48] [INFO] 复制: apisix-costrict-apps.sh -> /usr/local/costrict/apisix-costrict-apps.sh
[2026-04-14 16:19:48] [INFO] 复制: apisix-cotun.sh -> /usr/local/costrict/apisix-cotun.sh
[2026-04-14 16:19:48] [INFO] 复制: apisix-credit-manager.sh -> /usr/local/costrict/apisix-credit-manager.sh
[2026-04-14 16:19:48] [INFO] 复制: apisix-embedder.sh -> /usr/local/costrict/apisix-embedder.sh
[2026-04-14 16:19:48] [INFO] 复制: apisix-grafana.sh -> /usr/local/costrict/apisix-grafana.sh
[2026-04-14 16:19:48] [INFO] 复制: apisix-issue.sh -> /usr/local/costrict/apisix-issue.sh
[2026-04-14 16:19:48] [INFO] 复制: apisix-oidc-auth.sh -> /usr/local/costrict/apisix-oidc-auth.sh
[2026-04-14 16:19:48] [INFO] 复制: init.d -> /usr/local/costrict/init.d
[2026-04-14 16:19:49] [INFO] 复制: scripts -> /usr/local/costrict/scripts
[2026-04-14 16:19:49] [INFO] 文件安装完成，成功复制 30 个文件/目录
[2026-04-14 16:19:49] [INFO] 部署完成！已部署到: /usr/local/costrict
[2026-04-14 16:19:49] [INFO] 后续步骤：
[2026-04-14 16:19:49] [INFO]   1. 完成数据初始化: cd /usr/local/costrict && bash init.sh
[2026-04-14 16:19:49] [INFO]   2. 启动服务: cd /usr/local/costrict && bash run.sh
[2026-04-14 20:51:22] [INFO] 部署脚本启动，日志文件: deploy-to.log
[2026-04-14 20:51:22] [INFO] 部署源: /mnt/d/shenma/deploy/builder/configures/common/firmware
[2026-04-14 20:51:22] [INFO] 部署目标: /usr/local/costrict
[2026-04-14 20:51:22] [INFO] 部署清单: /mnt/d/shenma/deploy/builder/configures/common/firmware/MANIFEST
[2026-04-14 20:51:22] [INFO] 找到部署清单文件: /mnt/d/shenma/deploy/builder/configures/common/firmware/MANIFEST
[2026-04-14 20:51:22] [INFO] 开始安装文件
[2026-04-14 20:51:22] [INFO] 设置目标相对路径为空（target_base 本身）
[2026-04-14 20:51:22] [INFO] 复制: configure.sh -> /usr/local/costrict/configure.sh
[2026-04-14 20:51:22] [INFO] 复制: utils.sh -> /usr/local/costrict/utils.sh
[2026-04-14 20:51:22] [INFO] 复制: check.sh -> /usr/local/costrict/check.sh
[2026-04-14 20:51:23] [INFO] 复制: deploy-to.sh -> /usr/local/costrict/deploy-to.sh
[2026-04-14 20:51:23] [INFO] 复制: init.sh -> /usr/local/costrict/init.sh
[2026-04-14 20:51:23] [INFO] 复制: cleanup.sh -> /usr/local/costrict/cleanup.sh
[2026-04-14 20:51:23] [INFO] 复制: run.sh -> /usr/local/costrict/run.sh
[2026-04-14 20:51:23] [INFO] 复制: backup.sh -> /usr/local/costrict/backup.sh
[2026-04-14 20:51:23] [INFO] 复制: restore.sh -> /usr/local/costrict/restore.sh
[2026-04-14 20:51:23] [INFO] 复制: costrict-admin.env.sample -> /usr/local/costrict/costrict-admin.env.sample
[2026-04-14 20:51:23] [INFO] 复制: costrict.env.in -> /usr/local/costrict/costrict.env.in
[2026-04-14 20:51:23] [INFO] 复制: MANIFEST -> /usr/local/costrict/MANIFEST
[2026-04-14 20:51:24] [INFO] 复制: api6-remove.sh -> /usr/local/costrict/api6-remove.sh
[2026-04-14 20:51:24] [INFO] 复制: api6-restore.sh -> /usr/local/costrict/api6-restore.sh
[2026-04-14 20:51:24] [INFO] 复制: api6-save.sh -> /usr/local/costrict/api6-save.sh
[2026-04-14 20:51:24] [INFO] 复制: apisix-casdoor.sh -> /usr/local/costrict/apisix-casdoor.sh
[2026-04-14 20:51:24] [INFO] 复制: apisix-chatrag.sh -> /usr/local/costrict/apisix-chatrag.sh
[2026-04-14 20:51:24] [INFO] 复制: apisix-codebase-indexer.sh -> /usr/local/costrict/apisix-codebase-indexer.sh
[2026-04-14 20:51:24] [INFO] 复制: apisix-codereview.sh -> /usr/local/costrict/apisix-codereview.sh
[2026-04-14 20:51:24] [INFO] 复制: apisix-completion-v2.sh -> /usr/local/costrict/apisix-completion-v2.sh
[2026-04-14 20:51:24] [INFO] 复制: apisix-costrict-admin.sh -> /usr/local/costrict/apisix-costrict-admin.sh
[2026-04-14 20:51:25] [INFO] 复制: apisix-costrict-apps.sh -> /usr/local/costrict/apisix-costrict-apps.sh
[2026-04-14 20:51:25] [INFO] 复制: apisix-cotun.sh -> /usr/local/costrict/apisix-cotun.sh
[2026-04-14 20:51:25] [INFO] 复制: apisix-credit-manager.sh -> /usr/local/costrict/apisix-credit-manager.sh
[2026-04-14 20:51:25] [INFO] 复制: apisix-embedder.sh -> /usr/local/costrict/apisix-embedder.sh
[2026-04-14 20:51:25] [INFO] 复制: apisix-grafana.sh -> /usr/local/costrict/apisix-grafana.sh
[2026-04-14 20:51:25] [INFO] 复制: apisix-issue.sh -> /usr/local/costrict/apisix-issue.sh
[2026-04-14 20:51:25] [INFO] 复制: apisix-oidc-auth.sh -> /usr/local/costrict/apisix-oidc-auth.sh
[2026-04-14 20:51:25] [INFO] 复制: init.d -> /usr/local/costrict/init.d
[2026-04-14 20:51:25] [INFO] 复制: scripts -> /usr/local/costrict/scripts
[2026-04-14 20:51:26] [INFO] 文件安装完成，成功复制 30 个文件/目录
[2026-04-14 20:51:26] [INFO] 部署完成！已部署到: /usr/local/costrict
[2026-04-14 20:51:26] [INFO] 后续步骤：
[2026-04-14 20:51:26] [INFO]   1. 完成数据初始化: cd /usr/local/costrict && bash init.sh
[2026-04-14 20:51:26] [INFO]   2. 启动服务: cd /usr/local/costrict && bash run.sh
[2026-04-14 20:54:06] [INFO] 部署脚本启动，日志文件: deploy-to.log
[2026-04-14 20:54:07] [INFO] 部署源: /mnt/d/shenma/deploy/builder/configures/common/firmware
[2026-04-14 20:54:07] [INFO] 部署目标: /usr/local/costrict
[2026-04-14 20:54:07] [INFO] 部署清单: /mnt/d/shenma/deploy/builder/configures/common/firmware/MANIFEST
[2026-04-14 20:54:07] [INFO] 找到部署清单文件: /mnt/d/shenma/deploy/builder/configures/common/firmware/MANIFEST
[2026-04-14 20:54:07] [INFO] 开始安装文件
[2026-04-14 20:54:07] [INFO] 设置目标相对路径为空（target_base 本身）
[2026-04-14 20:54:07] [INFO] 复制: configure.sh -> /usr/local/costrict/configure.sh
[2026-04-14 20:54:07] [INFO] 复制: utils.sh -> /usr/local/costrict/utils.sh
[2026-04-14 20:54:07] [INFO] 复制: check.sh -> /usr/local/costrict/check.sh
[2026-04-14 20:54:07] [INFO] 复制: deploy-to.sh -> /usr/local/costrict/deploy-to.sh
[2026-04-14 20:54:07] [INFO] 复制: init.sh -> /usr/local/costrict/init.sh
[2026-04-14 20:54:07] [INFO] 复制: cleanup.sh -> /usr/local/costrict/cleanup.sh
[2026-04-14 20:54:08] [INFO] 复制: run.sh -> /usr/local/costrict/run.sh
[2026-04-14 20:54:08] [INFO] 复制: backup.sh -> /usr/local/costrict/backup.sh
[2026-04-14 20:54:08] [INFO] 复制: restore.sh -> /usr/local/costrict/restore.sh
[2026-04-14 20:54:08] [INFO] 复制: costrict-admin.env.sample -> /usr/local/costrict/costrict-admin.env.sample
[2026-04-14 20:54:08] [INFO] 复制: costrict.env.in -> /usr/local/costrict/costrict.env.in
[2026-04-14 20:54:08] [INFO] 复制: MANIFEST -> /usr/local/costrict/MANIFEST
[2026-04-14 20:54:08] [INFO] 复制: api6-remove.sh -> /usr/local/costrict/api6-remove.sh
[2026-04-14 20:54:08] [INFO] 复制: api6-restore.sh -> /usr/local/costrict/api6-restore.sh
[2026-04-14 20:54:09] [INFO] 复制: api6-save.sh -> /usr/local/costrict/api6-save.sh
[2026-04-14 20:54:09] [INFO] 复制: apisix-casdoor.sh -> /usr/local/costrict/apisix-casdoor.sh
[2026-04-14 20:54:09] [INFO] 复制: apisix-chatrag.sh -> /usr/local/costrict/apisix-chatrag.sh
[2026-04-14 20:54:09] [INFO] 复制: apisix-codebase-indexer.sh -> /usr/local/costrict/apisix-codebase-indexer.sh
[2026-04-14 20:54:09] [INFO] 复制: apisix-codereview.sh -> /usr/local/costrict/apisix-codereview.sh
[2026-04-14 20:54:09] [INFO] 复制: apisix-completion-v2.sh -> /usr/local/costrict/apisix-completion-v2.sh
[2026-04-14 20:54:09] [INFO] 复制: apisix-costrict-admin.sh -> /usr/local/costrict/apisix-costrict-admin.sh
[2026-04-14 20:54:09] [INFO] 复制: apisix-costrict-apps.sh -> /usr/local/costrict/apisix-costrict-apps.sh
[2026-04-14 20:54:10] [INFO] 复制: apisix-cotun.sh -> /usr/local/costrict/apisix-cotun.sh
[2026-04-14 20:54:10] [INFO] 复制: apisix-credit-manager.sh -> /usr/local/costrict/apisix-credit-manager.sh
[2026-04-14 20:54:10] [INFO] 复制: apisix-embedder.sh -> /usr/local/costrict/apisix-embedder.sh
[2026-04-14 20:54:10] [INFO] 复制: apisix-grafana.sh -> /usr/local/costrict/apisix-grafana.sh
[2026-04-14 20:54:10] [INFO] 复制: apisix-issue.sh -> /usr/local/costrict/apisix-issue.sh
[2026-04-14 20:54:10] [INFO] 复制: apisix-oidc-auth.sh -> /usr/local/costrict/apisix-oidc-auth.sh
[2026-04-14 20:54:10] [INFO] 复制: init.d -> /usr/local/costrict/init.d
[2026-04-14 20:54:10] [INFO] 复制: scripts -> /usr/local/costrict/scripts
[2026-04-14 20:54:11] [INFO] 文件安装完成，成功复制 30 个文件/目录
[2026-04-14 20:54:11] [INFO] 部署完成！已部署到: /usr/local/costrict
[2026-04-14 20:54:11] [INFO] 后续步骤：
[2026-04-14 20:54:11] [INFO]   1. 完成数据初始化: cd /usr/local/costrict && bash init.sh
[2026-04-14 20:54:11] [INFO]   2. 启动服务: cd /usr/local/costrict && bash run.sh
[2026-04-14 20:56:43] [INFO] 部署脚本启动，日志文件: deploy-to.log
[2026-04-14 20:56:43] [INFO] 部署源: /mnt/d/shenma/deploy/builder/configures/common/firmware
[2026-04-14 20:56:43] [INFO] 部署目标: /usr/local/costrict
[2026-04-14 20:56:43] [INFO] 部署清单: /mnt/d/shenma/deploy/builder/configures/common/firmware/MANIFEST
[2026-04-14 20:56:43] [INFO] 找到部署清单文件: /mnt/d/shenma/deploy/builder/configures/common/firmware/MANIFEST
[2026-04-14 20:56:43] [INFO] 开始安装文件
[2026-04-14 20:56:43] [INFO] 设置目标相对路径为空（target_base 本身）
[2026-04-14 20:56:44] [INFO] 复制: configure.sh -> /usr/local/costrict/configure.sh
[2026-04-14 20:56:44] [INFO] 复制: utils.sh -> /usr/local/costrict/utils.sh
[2026-04-14 20:56:44] [INFO] 复制: check.sh -> /usr/local/costrict/check.sh
[2026-04-14 20:56:44] [INFO] 复制: deploy-to.sh -> /usr/local/costrict/deploy-to.sh
[2026-04-14 20:56:44] [INFO] 复制: init.sh -> /usr/local/costrict/init.sh
[2026-04-14 20:56:45] [INFO] 复制: cleanup.sh -> /usr/local/costrict/cleanup.sh
[2026-04-14 20:56:45] [INFO] 复制: run.sh -> /usr/local/costrict/run.sh
[2026-04-14 20:56:45] [INFO] 复制: backup.sh -> /usr/local/costrict/backup.sh
[2026-04-14 20:56:45] [INFO] 复制: restore.sh -> /usr/local/costrict/restore.sh
[2026-04-14 20:56:46] [INFO] 复制: costrict-admin.env.sample -> /usr/local/costrict/costrict-admin.env.sample
[2026-04-14 20:56:46] [INFO] 复制: costrict.env.in -> /usr/local/costrict/costrict.env.in
[2026-04-14 20:56:46] [INFO] 复制: MANIFEST -> /usr/local/costrict/MANIFEST
[2026-04-14 20:56:46] [INFO] 复制: api6-remove.sh -> /usr/local/costrict/api6-remove.sh
[2026-04-14 20:56:47] [INFO] 复制: api6-restore.sh -> /usr/local/costrict/api6-restore.sh
[2026-04-14 20:56:47] [INFO] 复制: api6-save.sh -> /usr/local/costrict/api6-save.sh
[2026-04-14 20:56:47] [INFO] 复制: apisix-casdoor.sh -> /usr/local/costrict/apisix-casdoor.sh
[2026-04-14 20:56:48] [INFO] 复制: apisix-chatrag.sh -> /usr/local/costrict/apisix-chatrag.sh
[2026-04-14 20:56:48] [INFO] 复制: apisix-codebase-indexer.sh -> /usr/local/costrict/apisix-codebase-indexer.sh
[2026-04-14 20:56:48] [INFO] 复制: apisix-codereview.sh -> /usr/local/costrict/apisix-codereview.sh
[2026-04-14 20:56:48] [INFO] 复制: apisix-completion-v2.sh -> /usr/local/costrict/apisix-completion-v2.sh
[2026-04-14 20:56:49] [INFO] 复制: apisix-costrict-admin.sh -> /usr/local/costrict/apisix-costrict-admin.sh
[2026-04-14 20:56:49] [INFO] 复制: apisix-costrict-apps.sh -> /usr/local/costrict/apisix-costrict-apps.sh
[2026-04-14 20:56:49] [INFO] 复制: apisix-cotun.sh -> /usr/local/costrict/apisix-cotun.sh
[2026-04-14 20:56:49] [INFO] 复制: apisix-credit-manager.sh -> /usr/local/costrict/apisix-credit-manager.sh
[2026-04-14 20:56:49] [INFO] 复制: apisix-embedder.sh -> /usr/local/costrict/apisix-embedder.sh
[2026-04-14 20:56:50] [INFO] 复制: apisix-grafana.sh -> /usr/local/costrict/apisix-grafana.sh
[2026-04-14 20:56:50] [INFO] 复制: apisix-issue.sh -> /usr/local/costrict/apisix-issue.sh
[2026-04-14 20:56:50] [INFO] 复制: apisix-oidc-auth.sh -> /usr/local/costrict/apisix-oidc-auth.sh
[2026-04-14 20:56:51] [INFO] 复制: init.d -> /usr/local/costrict/init.d
[2026-04-14 20:56:52] [INFO] 复制: scripts -> /usr/local/costrict/scripts
[2026-04-14 20:56:52] [INFO] 文件安装完成，成功复制 30 个文件/目录
[2026-04-14 20:56:52] [INFO] 部署完成！已部署到: /usr/local/costrict
[2026-04-14 20:56:52] [INFO] 后续步骤：
[2026-04-14 20:56:52] [INFO]   1. 完成数据初始化: cd /usr/local/costrict && bash init.sh
[2026-04-14 20:56:52] [INFO]   2. 启动服务: cd /usr/local/costrict && bash run.sh
[2026-04-14 20:58:53] [INFO] 部署脚本启动，日志文件: deploy-to.log
[2026-04-14 20:58:53] [INFO] 部署源: /mnt/d/shenma/deploy/builder/configures/common/firmware
[2026-04-14 20:58:53] [INFO] 部署目标: /usr/local/costrict
[2026-04-14 20:58:53] [INFO] 部署清单: /mnt/d/shenma/deploy/builder/configures/common/firmware/MANIFEST
[2026-04-14 20:58:53] [INFO] 找到部署清单文件: /mnt/d/shenma/deploy/builder/configures/common/firmware/MANIFEST
[2026-04-14 20:58:53] [INFO] 开始安装文件
[2026-04-14 20:58:55] [INFO] 设置目标相对路径为空（target_base 本身）
[2026-04-14 20:58:55] [INFO] 复制: configure.sh -> /usr/local/costrict/configure.sh
[2026-04-14 20:58:56] [INFO] 复制: utils.sh -> /usr/local/costrict/utils.sh
[2026-04-14 20:58:56] [INFO] 复制: check.sh -> /usr/local/costrict/check.sh
[2026-04-14 20:58:57] [INFO] 复制: deploy-to.sh -> /usr/local/costrict/deploy-to.sh
[2026-04-14 20:58:57] [INFO] 复制: init.sh -> /usr/local/costrict/init.sh
[2026-04-14 20:58:58] [INFO] 复制: cleanup.sh -> /usr/local/costrict/cleanup.sh
[2026-04-14 20:58:58] [INFO] 复制: run.sh -> /usr/local/costrict/run.sh
[2026-04-14 20:58:59] [INFO] 复制: backup.sh -> /usr/local/costrict/backup.sh
[2026-04-14 20:58:59] [INFO] 复制: restore.sh -> /usr/local/costrict/restore.sh
[2026-04-14 20:59:00] [INFO] 复制: costrict-admin.env.sample -> /usr/local/costrict/costrict-admin.env.sample
[2026-04-14 20:59:00] [INFO] 复制: costrict.env.in -> /usr/local/costrict/costrict.env.in
[2026-04-14 20:59:00] [INFO] 复制: MANIFEST -> /usr/local/costrict/MANIFEST
[2026-04-14 20:59:01] [INFO] 复制: api6-remove.sh -> /usr/local/costrict/api6-remove.sh
[2026-04-14 20:59:01] [INFO] 复制: api6-restore.sh -> /usr/local/costrict/api6-restore.sh
[2026-04-14 20:59:01] [INFO] 复制: api6-save.sh -> /usr/local/costrict/api6-save.sh
[2026-04-14 20:59:01] [INFO] 复制: apisix-casdoor.sh -> /usr/local/costrict/apisix-casdoor.sh
[2026-04-14 20:59:02] [INFO] 复制: apisix-chatrag.sh -> /usr/local/costrict/apisix-chatrag.sh
[2026-04-14 20:59:02] [INFO] 复制: apisix-codebase-indexer.sh -> /usr/local/costrict/apisix-codebase-indexer.sh
[2026-04-14 20:59:02] [INFO] 复制: apisix-codereview.sh -> /usr/local/costrict/apisix-codereview.sh
[2026-04-14 20:59:03] [INFO] 复制: apisix-completion-v2.sh -> /usr/local/costrict/apisix-completion-v2.sh
[2026-04-14 20:59:03] [INFO] 复制: apisix-costrict-admin.sh -> /usr/local/costrict/apisix-costrict-admin.sh
[2026-04-14 20:59:03] [INFO] 复制: apisix-costrict-apps.sh -> /usr/local/costrict/apisix-costrict-apps.sh
[2026-04-14 20:59:04] [INFO] 复制: apisix-cotun.sh -> /usr/local/costrict/apisix-cotun.sh
[2026-04-14 20:59:04] [INFO] 复制: apisix-credit-manager.sh -> /usr/local/costrict/apisix-credit-manager.sh
[2026-04-14 20:59:05] [INFO] 复制: apisix-embedder.sh -> /usr/local/costrict/apisix-embedder.sh
[2026-04-14 20:59:05] [INFO] 复制: apisix-grafana.sh -> /usr/local/costrict/apisix-grafana.sh
[2026-04-14 20:59:06] [INFO] 复制: apisix-issue.sh -> /usr/local/costrict/apisix-issue.sh
[2026-04-14 20:59:06] [INFO] 复制: apisix-oidc-auth.sh -> /usr/local/costrict/apisix-oidc-auth.sh
[2026-04-14 20:59:06] [INFO] 复制: init.d -> /usr/local/costrict/init.d
[2026-04-14 20:59:07] [INFO] 复制: scripts -> /usr/local/costrict/scripts
[2026-04-14 20:59:07] [INFO] 文件安装完成，成功复制 30 个文件/目录
[2026-04-14 20:59:07] [INFO] 部署完成！已部署到: /usr/local/costrict
[2026-04-14 20:59:07] [INFO] 后续步骤：
[2026-04-14 20:59:07] [INFO]   1. 完成数据初始化: cd /usr/local/costrict && bash init.sh
[2026-04-14 20:59:07] [INFO]   2. 启动服务: cd /usr/local/costrict && bash run.sh
